// Jest Snapshot v1, https://goo.gl/fbAQLP

exports[`Storyshots ArticleItem default item 1`] = `
<View
  style={
    Object {
      "backgroundColor": "#F5FCFF",
      "flex": 1,
    }
  }
>
  <Text
    accessible={true}
    allowFontScaling={true}
    disabled={false}
    ellipsizeMode="tail"
  >
    Obama Offers Hopeful Vision While Noting Nation's Fears
  </Text>
  <Text
    accessible={true}
    allowFontScaling={true}
    disabled={false}
    ellipsizeMode="tail"
  >
    05/26/2014
  </Text>
  <Text
    accessible={true}
    allowFontScaling={true}
    disabled={false}
    ellipsizeMode="tail"
  >
    Graham Spencer
  </Text>
  <Text
    accessible={true}
    allowFontScaling={true}
    disabled={false}
    ellipsizeMode="tail"
  >
    MacStories
  </Text>
  <Text
    accessible={true}
    allowFontScaling={true}
    disabled={false}
    ellipsizeMode="tail"
  >
    http://res.cloudinary.com/cheesecakelabs/image/upload/v1488993901/challenge/news_01_illh01.jpg
  </Text>
</View>
`;
